
[1m[46m RUN [49m[22m [36mv3.2.4 [39m[90mC:/Users/randy/AndroidStudioProjects/remix-of-link-shield-1[39m

node.exe : 
(node:19044) 
[DEP0040] 
DeprecationWarning: 
The `punycode` 
module is 
deprecated. Please 
use a userland 
alternative instead.
At C:\Program Files\n
odejs\npx.ps1:29 
char:3
+   & $NODE_EXE 
$NPX_CLI_JS $args
+   ~~~~~~~~~~~~~~~~~
~~~~~~~~~~~~
    + CategoryInfo   
           : NotSpe  
  cified: ((node:1   
 9044) [D...nativ    
e instead.:Strin    
g) [], RemoteExc    
eption
    + FullyQualified 
   ErrorId : Native  
  CommandError
 
(Use `node 
--trace-deprecation 
...` to show where 
the warning was 
created)
 [31mΓ¥»[39m src/__tests__/security/domain-age-check.test.ts [2m([22m[2m7 tests[22m[2m | [22m[31m1 failed[39m[2m)[22m[32m 18[2mms[22m[39m
   [32mΓ£ô[39m Domain Age Check in Safety Review[2m > [22mshould flag domain registered < 30 days ago as danger[32m 4[2mms[22m[39m
   [32mΓ£ô[39m Domain Age Check in Safety Review[2m > [22mshould flag domain registered < 180 days ago as warning[32m 1[2mms[22m[39m
   [32mΓ£ô[39m Domain Age Check in Safety Review[2m > [22mshould show established domain as passed/info[32m 1[2mms[22m[39m
   [32mΓ£ô[39m Domain Age Check in Safety Review[2m > [22mshould skip domain age check when lookup is unavailable[32m 0[2mms[22m[39m
   [32mΓ£ô[39m Domain Age Check in Safety Review[2m > [22mshould skip domain age check when no result provided[32m 0[2mms[22m[39m
[31m   [31m├ù[31m Domain Age Check in Safety Review[2m > [22mshould place domain age check after trusted domain check[39m[32m 9[2mms[22m[39m
[31m     ΓåÆ expected 9 to be +0 // Object.is equality[39m
   [32mΓ£ô[39m Domain Age Check in Safety Review[2m > [22mshould correctly handle 1-day-old domain (singular)[32m 1[2mms[22m[39m

[31mΓÄ»ΓÄ»ΓÄ»ΓÄ»ΓÄ»Γ
Ä»ΓÄ»[39m[1m[41m 
Failed Tests 1 [49m
[22m[31mΓÄ»ΓÄ»ΓÄ»ΓÄ»
ΓÄ»ΓÄ»ΓÄ»[39m

[41m[1m FAIL 
[22m[49m src/__test
s__/security/domain-a
ge-check.test.ts[2m 
> [22mDomain Age 
Check in Safety 
Review[2m > 
[22mshould place 
domain age check 
after trusted domain 
check
[31m[1mAssertionErr
or[22m: expected 9 
to be +0 // 
Object.is 
equality[39m

[32m- Expected[39m
[31m+ Received[39m

[32m- 0[39m
[31m+ 9[39m

[36m [2mΓ¥»[22m sr
c/__tests__/security/
domain-age-check.test
.ts:[2m94:24[22m[3
9m
    [90m 92| [39m  
      const 
trustedIdx = result.c
hecks.findIndex(c => 
c.id === 'trusΓÇª
    [90m 93| [39m  
      const ageIdx = 
result.checks.findInd
ex(c => c.id === 
'domain_aΓÇª
    [90m 94| [39m  
      [34mexpect[39
m(ageIdx)[33m.[39m
[34mtoBe[39m(trusted
Idx [33m+[39m [34m
1[39m)[33m;[39m
    [90m   | [39m  
                     
[31m^[39m
    [90m 95| [39m  
  })[33m;[39m
    [90m 96| [39m

[31m[2mΓÄ»ΓÄ»ΓÄ»ΓÄ»
ΓÄ»ΓÄ»ΓÄ»ΓÄ»ΓÄ»ΓÄ»ΓÄ»
ΓÄ»ΓÄ»ΓÄ»ΓÄ»ΓÄ»ΓÄ»ΓÄ»
ΓÄ»ΓÄ»ΓÄ»ΓÄ»ΓÄ»ΓÄ»[1/
1]ΓÄ»[22m[39m


[2m Test Files [22m [1m[31m1 failed[39m[22m[90m (1)[39m
[2m      Tests [22m [1m[31m1 failed[39m[22m[2m | [22m[1m[32m6 passed[39m[22m[90m (7)[39m
[2m   Start at [22m 14:08:38
[2m   Duration [22m 3.02s[2m (transform 155ms, setup 197ms, collect 190ms, tests 18ms, environment 1.24s, prepare 863ms)[22m

